<html>
<body>
<pre>
<h1>礦ision Build Log</h1>
<h2>Tool Versions:</h2>
IDE-Version: μVision V5.34.0.0
Copyright (C) 2021 ARM Ltd and ARM Germany GmbH. All rights reserved.
License Information: Mi ren, dasdfasdf, LIC=47GU5-GHBQJ-WFEI7-E9NZ6-9JMCE-N46HT
 
Tool Versions:
Toolchain:       MDK-ARM Plus  Version: 5.34.0.0
Toolchain Path:  C:\Keil_v5\ARM\ARMCC\Bin
C Compiler:      Armcc.exe V5.06 update 7 (build 960)
Assembler:       Armasm.exe V5.06 update 7 (build 960)
Linker/Locator:  ArmLink.exe V5.06 update 7 (build 960)
Library Manager: ArmAr.exe V5.06 update 7 (build 960)
Hex Converter:   FromElf.exe V5.06 update 7 (build 960)
CPU DLL:         SARMCM3.DLL V5.34.0.0
Dialog DLL:      DCM.DLL V1.17.3.0
Target DLL:      CMSIS_AGDI.dll V1.32.13.0
Dialog DLL:      TCM.DLL V1.48.0.0
 
<h2>Project:</h2>
d:\Work\紫蒙\联明双路DA 老化板\BURIN_DA_CONTROL_V00\App\MDK_ARM\Project.uvprojx
Project File Date:  04/03/2025

<h2>Output:</h2>
*** Using Compiler 'V5.06 update 7 (build 960)', folder: 'C:\Keil_v5\ARM\ARMCC\Bin'
Build target 'App'
compiling modbus_slave.c...
..\User\modbus_slave.c(399): warning:  #550-D: variable "i16Tem"  was set but never used
  	int16_t i16Tem;
..\User\modbus_slave.c(625): warning:  #550-D: variable "value"  was set but never used
  	uint16_t value;
..\User\modbus_slave.c(626): warning:  #177-D: variable "index"  was declared but never referenced
      uint16_t index;
..\User\modbus_slave.c(725): warning:  #177-D: function "MODS_10H"  was declared but never referenced
  static void MODS_10H(void)
..\User\modbus_slave.c: 4 warnings, 0 errors
linking...
Program Size: Code=14190 RO-data=1426 RW-data=200 ZI-data=6272  
FromELF: creating hex file...
".\output\P1500_APP.axf" - 0 Error(s), 4 Warning(s).

<h2>Software Packages used:</h2>

Package Vendor: GigaDevice
                https://gd32mcu.com/data/documents/pack/GigaDevice.GD32F30x_DFP.2.2.1.pack
                GigaDevice.GD32F30x_DFP.2.2.1
                GigaDevice GD32F30x Series Device Support and Examples

<h2>Collection of Component include folders:</h2>
  C:\Users\53242\AppData\Local\Arm\Packs\GigaDevice\GD32F30x_DFP\2.2.1\Device\Include

<h2>Collection of Component Files used:</h2>
Build Time Elapsed:  00:00:05
</pre>
</body>
</html>
